C:\Users\ibrah\OneDrive\Documents\learn2code\src\main\java\org\ntg\learn2code\api\DivisionController.java
C:\Users\ibrah\OneDrive\Documents\learn2code\src\main\java\org\ntg\learn2code\api\dto\CourseDto.java
C:\Users\ibrah\OneDrive\Documents\learn2code\src\main\java\org\ntg\learn2code\api\dto\DivisionDto.java
C:\Users\ibrah\OneDrive\Documents\learn2code\src\main\java\org\ntg\learn2code\HealthController.java
C:\Users\ibrah\OneDrive\Documents\learn2code\src\main\java\org\ntg\learn2code\Learn2codeApplication.java
C:\Users\ibrah\OneDrive\Documents\learn2code\src\main\java\org\ntg\learn2code\model\Course.java
C:\Users\ibrah\OneDrive\Documents\learn2code\src\main\java\org\ntg\learn2code\model\Division.java
C:\Users\ibrah\OneDrive\Documents\learn2code\src\main\java\org\ntg\learn2code\model\Payment.java
C:\Users\ibrah\OneDrive\Documents\learn2code\src\main\java\org\ntg\learn2code\repository\CourseRepository.java
C:\Users\ibrah\OneDrive\Documents\learn2code\src\main\java\org\ntg\learn2code\repository\DivisionRepository.java
C:\Users\ibrah\OneDrive\Documents\learn2code\src\main\java\org\ntg\learn2code\repository\PaymentRepository.java
C:\Users\ibrah\OneDrive\Documents\learn2code\src\main\java\org\ntg\learn2code\repository\PaymentSpecs.java
C:\Users\ibrah\OneDrive\Documents\learn2code\src\main\java\org\ntg\learn2code\web\ApiExceptionHandler.java
C:\Users\ibrah\OneDrive\Documents\learn2code\src\main\java\org\ntg\learn2code\web\CatalogController.java
C:\Users\ibrah\OneDrive\Documents\learn2code\src\main\java\org\ntg\learn2code\web\dto\PaymentRequest.java
C:\Users\ibrah\OneDrive\Documents\learn2code\src\main\java\org\ntg\learn2code\web\dto\PaymentResponse.java
C:\Users\ibrah\OneDrive\Documents\learn2code\src\main\java\org\ntg\learn2code\web\GlobalExceptionHandler.java
C:\Users\ibrah\OneDrive\Documents\learn2code\src\main\java\org\ntg\learn2code\web\PaymentController.java
